// Jest Snapshot v1, https://goo.gl/fbAQLP

exports[`App the app renders correctly 1`] = `
<div
  className="App"
>
  <div
    className="App-body"
  >
    <header>
      <nav
        className="main-nav"
      >
        <input
          id="check"
          type="checkbox"
        />
        <i
          className="fas fa-bars"
        />
        <a
          className="logo"
          href="index.html"
        >
          Math Magician
        </a>
        <ul
          className="navlinks"
        >
          <li>
            <a
              className="link"
              href="/"
              onClick={[Function]}
            >
              Home
            </a>
          </li>
          <li>
            <a
              className="link"
              href="/calculator"
              onClick={[Function]}
            >
              Calculator
            </a>
          </li>
          <li>
            <a
              className="link"
              href="/quote"
              onClick={[Function]}
            >
              Quote
            </a>
          </li>
        </ul>
      </nav>
    </header>
    <div
      className="content"
    >
      <div
        id="welcome"
      >
        <h1>
          Welcome to our page
        </h1>
        <p>
          Lorem ipsum dolor sit amet, consectetur adipiscing elit, sed do eiusmod tempor incididunt ut labore et dolore magna aliqua. Mauris ultrices eros in cursus turpis massa tincidunt. Eget sit amet tellus cras adipiscing enim. Sed arcu non odio euismod lacinia at quis risus. Suspendisse ultrices gravida dictum fusce ut placerat orci. Potenti nullam ac tortor vitae purus faucibus. Tempor nec fe ugiat nisl pretium fusce. Pulvinar etiam non quam lacus suspendisse faucibus. Eu sem i nteger vitae justo eget magna. Sed viverra ipsum nunc aliquet. Lacinia quis vel eros d onec ac odio tempor orci. Arcu cursus euismod quis viverra nibh. Lectus proin nibh nisl condimentum id venenatis. Ac tortor dignissim convallis aenean et tortor at risus viverra.
        </p>
        <p>
          Est ante in nibh mauris. Blandit turpis cursus in hac habitasse platea dictumst qu isque sagittis. Dui faucibus in ornare quam viverra. Lacus sed turpis tincidunt id a liquet risus feugiat in ante. Enim ut sem viverra aliquet eget. Ornare lectus sit am et est placerat in egestas erat. Id porta nibh venenatis cras sed felis eget. Magna etiam tempor orci eu lobortis elementum nibh tellus. Imperdiet massa tincidunt nunc pulvinar sapien. Natoque penatibus et magnis dis parturient montes nascetur ridiculu s. Dignissim suspendisse in est ante in nibh mauris cursus mattis. Morbi tristique s enectus et netus et malesuada fames ac turpis. Pharetra pharetra massa massa ultrici es mi. Volutpat odio facilisis mauris sit amet massa vitae tortor condimentum. Fauci bus purus in massa tempor. Libero volutpat sed cras ornare arcu dui.
        </p>
      </div>
    </div>
  </div>
</div>
`;
